AWSTemplateFormatVersion: 2010-09-09
Description: CloudFormation exports
Conditions:
  HasNot:
    Fn::Equals:
      - "true"
      - "false"
Resources:
  NullResourceMain:
    Type: Custom::NullResource
    Condition: HasNot
  NullResource:
    Type: Custom::NullResource
    Condition: HasNot
Outputs:
  ExportsStackName:
    Value:
      Ref: AWS::StackName
    Export:
      Name:
        Fn::Sub: ExportsStackName-${AWS::StackName}
